../Core/Src/main.c:99:5:main	2000	static
../Core/Src/main.c:246:6:SystemClock_Config	96	static
../Core/Src/main.c:297:13:MX_CRC_Init	8	static
../Core/Src/main.c:328:13:MX_USART1_UART_Init	8	static
../Core/Src/main.c:363:13:MX_GPIO_Init	40	static
../Core/Src/main.c:419:5:_write	24	static
../Core/Src/main.c:424:6:HAL_GPIO_EXTI_Callback	16	static
../Core/Src/main.c:438:13:MEMS_Init	48	static
../Core/Src/main.c:472:13:AI_Init	16	static
../Core/Src/main.c:487:13:AI_Run	24	static
../Core/Src/main.c:503:19:argmax	32	static
../Core/Src/main.c:524:6:Error_Handler	8	static,ignoring_inline_asm
